--- Copying files at Wed May  6 02:39:55 UTC 2026
--- Copied files finished at Wed May  6 02:39:55 UTC 2026
--- Copying files at Wed May  6 03:09:50 UTC 2026
--- Copied files finished at Wed May  6 03:09:50 UTC 2026
--- Copying files at Sat May  9 03:34:15 UTC 2026
--- Copied files finished at Sat May  9 03:34:15 UTC 2026
--- Copying files at Sat May  9 05:51:12 UTC 2026
--- Copied files finished at Sat May  9 05:51:12 UTC 2026
--- Copying files at Sat May  9 15:23:55 UTC 2026
--- Copied files finished at Sat May  9 15:23:55 UTC 2026
--- Copying files at Sat May  9 15:31:01 UTC 2026
--- Copied files finished at Sat May  9 15:31:01 UTC 2026
--- Copying files at Sat May  9 17:23:35 UTC 2026
--- Copied files finished at Sat May  9 17:23:35 UTC 2026
--- Copying files at Sat May  9 19:27:23 UTC 2026
--- Copied files finished at Sat May  9 19:27:23 UTC 2026
--- Copying files at Sat May  9 19:31:26 UTC 2026
--- Copied files finished at Sat May  9 19:31:26 UTC 2026
--- Copying files at Sat May  9 19:31:36 UTC 2026
--- Copied files finished at Sat May  9 19:31:36 UTC 2026
--- Copying files at Sat May  9 21:12:14 UTC 2026
--- Copied files finished at Sat May  9 21:12:14 UTC 2026
--- Copying files at Sat May  9 21:37:42 UTC 2026
--- Copied files finished at Sat May  9 21:37:42 UTC 2026
--- Copying files at Sat May  9 21:39:41 UTC 2026
--- Copied files finished at Sat May  9 21:39:41 UTC 2026
--- Copying files at Sat May  9 21:48:36 UTC 2026
--- Copied files finished at Sat May  9 21:48:36 UTC 2026
--- Copying files at Tue May 12 20:37:50 UTC 2026
--- Copied files finished at Tue May 12 20:37:50 UTC 2026
--- Copying files at Tue May 12 20:37:59 UTC 2026
--- Copied files finished at Tue May 12 20:37:59 UTC 2026
--- Copying files at Tue May 12 20:40:19 UTC 2026
--- Copied files finished at Tue May 12 20:40:19 UTC 2026
--- Copying files at Tue May 12 23:53:25 UTC 2026
--- Copied files finished at Tue May 12 23:53:25 UTC 2026
--- Copying files at Wed May 13 00:03:04 UTC 2026
--- Copied files finished at Wed May 13 00:03:04 UTC 2026
--- Copying files at Wed May 13 06:01:08 UTC 2026
--- Copied files finished at Wed May 13 06:01:08 UTC 2026
